\BOOKMARK [1][]{section.0.1}{\376\377\0001\000\040\000I\000n\000t\000r\000o\000d\000u\000c\000t\000i\000o\000n}{}% 1
\BOOKMARK [2][]{subsection.0.1.1}{\376\377\0001\000.\0001\000\040\000P\000r\000o\000b\000l\000e\000m\000\040\000B\000a\000c\000k\000g\000r\000o\000u\000n\000d}{section.0.1}% 2
\BOOKMARK [2][]{subsection.0.1.2}{\376\377\0001\000.\0002\000\040\000R\000e\000s\000t\000a\000t\000e\000m\000e\000n\000t\000\040\000o\000f\000\040\000t\000h\000e\000\040\000P\000r\000o\000b\000l\000e\000m}{section.0.1}% 3
\BOOKMARK [1][]{section.0.2}{\376\377\0002\000\040}{}% 4
\BOOKMARK [2][]{subsection.0.2.1}{\376\377\0002\000.\0001\000\040}{section.0.2}% 5
\BOOKMARK [2][]{subsection.0.2.2}{\376\377\0002\000.\0002\000\040\000N\000o\000t\000a\000t\000i\000o\000n\000s}{section.0.2}% 6
\BOOKMARK [1][]{section.0.3}{\376\377\0003\000\040}{}% 7
\BOOKMARK [2][]{subsection.0.3.1}{\376\377\0003\000.\0001\000\040}{section.0.3}% 8
\BOOKMARK [3][]{subsubsection.0.3.1.1}{\376\377\0003\000.\0001\000.\0001\000\040}{subsection.0.3.1}% 9
\BOOKMARK [3][]{subsubsection.0.3.1.2}{\376\377\0003\000.\0001\000.\0002\000\040}{subsection.0.3.1}% 10
\BOOKMARK [2][]{subsection.0.3.2}{\376\377\0003\000.\0002\000\040\000D\000i\000f\000f\000e\000r\000e\000n\000t\000i\000a\000l\000\040\000E\000q\000u\000a\000t\000i\000o\000n\000\040\000M\000o\000d\000e\000l\000\040\000B\000a\000s\000e\000d\000\040\000o\000n\000\040\000S\000y\000s\000t\000e\000m\000\040\000D\000y\000n\000a\000m\000i\000c\000s}{section.0.3}% 11
\BOOKMARK [2][]{subsection.0.3.3}{\376\377\0003\000.\0003\000\040}{section.0.3}% 12
\BOOKMARK [3][]{subsubsection.0.3.3.1}{\376\377\0003\000.\0003\000.\0001\000\040\000S\000h\000a\000n\000n\000o\000n\000\040\000D\000i\000v\000e\000r\000s\000i\000t\000y\000\040\000I\000n\000d\000e\000x}{subsection.0.3.3}% 13
\BOOKMARK [3][]{subsubsection.0.3.3.2}{\376\377\0003\000.\0003\000.\0002\000\040}{subsection.0.3.3}% 14
\BOOKMARK [2][]{subsection.0.3.4}{\376\377\0003\000.\0004\000\040}{section.0.3}% 15
\BOOKMARK [1][]{section.0.4}{\376\377\0004\000\040}{}% 16
\BOOKMARK [2][]{subsection.0.4.1}{\376\377\0004\000.\0001\000\040}{section.0.4}% 17
\BOOKMARK [2][]{subsection.0.4.2}{\376\377\0004\000.\0002\000\040}{section.0.4}% 18
\BOOKMARK [1][]{section.0.5}{\376\377\0005\000\040}{}% 19
\BOOKMARK [2][]{subsection.0.5.1}{\376\377\0005\000.\0001\000\040\000M\000o\000d\000e\000l\000\040\000E\000x\000t\000e\000n\000s\000i\000o\000n}{section.0.5}% 20
\BOOKMARK [2][]{subsection.0.5.2}{\376\377\0005\000.\0002\000\040}{section.0.5}% 21
\BOOKMARK [3][]{subsubsection.0.5.2.1}{\376\377\0005\000.\0002\000.\0001\000\040}{subsection.0.5.2}% 22
\BOOKMARK [3][]{subsubsection.0.5.2.2}{\376\377\0005\000.\0002\000.\0002\000\040}{subsection.0.5.2}% 23
\BOOKMARK [3][]{subsubsection.0.5.2.3}{\376\377\0005\000.\0002\000.\0003\000\040}{subsection.0.5.2}% 24
\BOOKMARK [3][]{subsubsection.0.5.2.4}{\376\377\0005\000.\0002\000.\0004\000\040}{subsection.0.5.2}% 25
\BOOKMARK [2][]{subsection.0.5.3}{\376\377\0005\000.\0003\000\040}{section.0.5}% 26
\BOOKMARK [1][]{section.0.6}{\376\377\0006\000\040\000S\000t\000r\000e\000n\000g\000t\000h\000s\000\040\000a\000n\000d\000\040\000W\000e\000a\000k\000n\000e\000s\000s\000e\000s}{}% 27
\BOOKMARK [2][]{subsection.0.6.1}{\376\377\0006\000.\0001\000\040\000S\000t\000r\000e\000n\000g\000t\000h\000s}{section.0.6}% 28
\BOOKMARK [2][]{subsection.0.6.2}{\376\377\0006\000.\0002\000\040\000W\000e\000a\000k\000n\000e\000s\000s\000e\000s}{section.0.6}% 29
\BOOKMARK [1][]{section.0.7}{\376\377\000R\000e\000f\000e\000r\000e\000n\000c\000e\000s}{}% 30
\BOOKMARK [1][]{section*.4}{\376\377\000L\000e\000t\000t\000e\000r}{}% 31
\BOOKMARK [1][]{section*.5}{\376\377\000R\000e\000p\000o\000r\000t\000\040\000o\000n\000\040\000U\000s\000e\000\040\000o\000f\000\040\000A\000I}{}% 32
